// Jest Snapshot v1, https://goo.gl/fbAQLP

exports[`calculates event results calculates overall results 1`] = `
Object {
  "events": Array [
    Object {
      "location": "Australia",
      "results": Object {
        "driverResults": Array [
          Object {
            "divisionName": "pro",
            "entry": Object {
              "isDnfEntry": false,
              "isFounder": false,
              "isPlayer": false,
              "isVIP": false,
              "name": "Kuul",
              "nationality": "eLngEstonian",
              "playerDiff": 0,
              "rank": 1,
              "stageDiff": "--",
              "stageTime": "03:40.461",
              "totalDiff": "--",
              "totalTime": "56:18.651",
              "vehicleName": "Peugeot 206 Rally",
            },
            "name": "Kuul",
            "overallPoints": 115,
            "powerStagePoints": 5,
            "totalPoints": 120,
          },
          Object {
            "divisionName": "amateur",
            "entry": Object {
              "isDnfEntry": false,
              "isFounder": false,
              "isPlayer": false,
              "isVIP": false,
              "name": "Ssplatered",
              "nationality": "eLngCanadian",
              "playerDiff": 0,
              "rank": 1,
              "stageDiff": "--",
              "stageTime": "03:40.304",
              "totalDiff": "--",
              "totalTime": "56:44.370",
              "vehicleName": "Lancia Delta HF Integrale",
            },
            "name": "Ssplatered",
            "overallPoints": 84,
            "powerStagePoints": 5,
            "totalPoints": 89,
          },
          Object {
            "divisionName": "pro",
            "entry": Object {
              "isDnfEntry": true,
              "isFounder": false,
              "isPlayer": false,
              "isVIP": false,
              "name": "Sladdikurvinen ™",
              "nationality": "eLngSwedish",
              "playerDiff": 0,
              "rank": 28,
              "stageDiff": "+11:19.539",
              "stageTime": "15:00.000",
              "totalDiff": "+03:03:41.349",
              "totalTime": "04:00:00.000",
              "vehicleName": "SUBARU Impreza (2001)",
            },
            "name": "Sladdikurvinen ™",
            "totalPoints": 0,
          },
        ],
        "teamResults": Array [
          Object {
            "divisionName": "overall",
            "name": "Ditch Dusters",
            "totalPoints": 290,
          },
          Object {
            "divisionName": "overall",
            "name": "Unlimited Pedal Works",
            "totalPoints": 164,
          },
        ],
      },
      "standings": Object {
        "driverStandings": Array [
          Object {
            "allStandings": Array [
              Object {
                "currentPosition": 1,
                "location": "Australia",
                "name": "Kuul",
                "positionChange": null,
                "previousPosition": null,
                "result": Object {
                  "divisionName": "pro",
                  "entry": Object {
                    "isDnfEntry": false,
                    "isFounder": false,
                    "isPlayer": false,
                    "isVIP": false,
                    "name": "Kuul",
                    "nationality": "eLngEstonian",
                    "playerDiff": 0,
                    "rank": 1,
                    "stageDiff": "--",
                    "stageTime": "03:40.461",
                    "totalDiff": "--",
                    "totalTime": "56:18.651",
                    "vehicleName": "Peugeot 206 Rally",
                  },
                  "name": "Kuul",
                  "overallPoints": 115,
                  "powerStagePoints": 5,
                  "totalPoints": 120,
                },
                "totalPoints": 120,
              },
            ],
            "currentStanding": Object {
              "currentPosition": 1,
              "location": "Australia",
              "name": "Kuul",
              "positionChange": null,
              "previousPosition": null,
              "result": Object {
                "divisionName": "pro",
                "entry": Object {
                  "isDnfEntry": false,
                  "isFounder": false,
                  "isPlayer": false,
                  "isVIP": false,
                  "name": "Kuul",
                  "nationality": "eLngEstonian",
                  "playerDiff": 0,
                  "rank": 1,
                  "stageDiff": "--",
                  "stageTime": "03:40.461",
                  "totalDiff": "--",
                  "totalTime": "56:18.651",
                  "vehicleName": "Peugeot 206 Rally",
                },
                "name": "Kuul",
                "overallPoints": 115,
                "powerStagePoints": 5,
                "totalPoints": 120,
              },
              "totalPoints": 120,
            },
          },
          Object {
            "allStandings": Array [
              Object {
                "currentPosition": 2,
                "location": "Australia",
                "name": "Ssplatered",
                "positionChange": null,
                "previousPosition": null,
                "result": Object {
                  "divisionName": "amateur",
                  "entry": Object {
                    "isDnfEntry": false,
                    "isFounder": false,
                    "isPlayer": false,
                    "isVIP": false,
                    "name": "Ssplatered",
                    "nationality": "eLngCanadian",
                    "playerDiff": 0,
                    "rank": 1,
                    "stageDiff": "--",
                    "stageTime": "03:40.304",
                    "totalDiff": "--",
                    "totalTime": "56:44.370",
                    "vehicleName": "Lancia Delta HF Integrale",
                  },
                  "name": "Ssplatered",
                  "overallPoints": 84,
                  "powerStagePoints": 5,
                  "totalPoints": 89,
                },
                "totalPoints": 89,
              },
            ],
            "currentStanding": Object {
              "currentPosition": 2,
              "location": "Australia",
              "name": "Ssplatered",
              "positionChange": null,
              "previousPosition": null,
              "result": Object {
                "divisionName": "amateur",
                "entry": Object {
                  "isDnfEntry": false,
                  "isFounder": false,
                  "isPlayer": false,
                  "isVIP": false,
                  "name": "Ssplatered",
                  "nationality": "eLngCanadian",
                  "playerDiff": 0,
                  "rank": 1,
                  "stageDiff": "--",
                  "stageTime": "03:40.304",
                  "totalDiff": "--",
                  "totalTime": "56:44.370",
                  "vehicleName": "Lancia Delta HF Integrale",
                },
                "name": "Ssplatered",
                "overallPoints": 84,
                "powerStagePoints": 5,
                "totalPoints": 89,
              },
              "totalPoints": 89,
            },
          },
          Object {
            "allStandings": Array [
              Object {
                "currentPosition": 3,
                "location": "Australia",
                "name": "Sladdikurvinen ™",
                "positionChange": null,
                "previousPosition": null,
                "result": Object {
                  "divisionName": "pro",
                  "entry": Object {
                    "isDnfEntry": true,
                    "isFounder": false,
                    "isPlayer": false,
                    "isVIP": false,
                    "name": "Sladdikurvinen ™",
                    "nationality": "eLngSwedish",
                    "playerDiff": 0,
                    "rank": 28,
                    "stageDiff": "+11:19.539",
                    "stageTime": "15:00.000",
                    "totalDiff": "+03:03:41.349",
                    "totalTime": "04:00:00.000",
                    "vehicleName": "SUBARU Impreza (2001)",
                  },
                  "name": "Sladdikurvinen ™",
                  "totalPoints": 0,
                },
                "totalPoints": 0,
              },
            ],
            "currentStanding": Object {
              "currentPosition": 3,
              "location": "Australia",
              "name": "Sladdikurvinen ™",
              "positionChange": null,
              "previousPosition": null,
              "result": Object {
                "divisionName": "pro",
                "entry": Object {
                  "isDnfEntry": true,
                  "isFounder": false,
                  "isPlayer": false,
                  "isVIP": false,
                  "name": "Sladdikurvinen ™",
                  "nationality": "eLngSwedish",
                  "playerDiff": 0,
                  "rank": 28,
                  "stageDiff": "+11:19.539",
                  "stageTime": "15:00.000",
                  "totalDiff": "+03:03:41.349",
                  "totalTime": "04:00:00.000",
                  "vehicleName": "SUBARU Impreza (2001)",
                },
                "name": "Sladdikurvinen ™",
                "totalPoints": 0,
              },
              "totalPoints": 0,
            },
          },
        ],
        "teamStandings": Array [
          Object {
            "allStandings": Array [
              Object {
                "currentPosition": 1,
                "location": undefined,
                "name": "Ditch Dusters",
                "positionChange": null,
                "previousPosition": null,
                "result": Object {
                  "divisionName": "overall",
                  "name": "Ditch Dusters",
                  "totalPoints": 290,
                },
                "totalPoints": 290,
              },
            ],
            "currentStanding": Object {
              "currentPosition": 1,
              "location": undefined,
              "name": "Ditch Dusters",
              "positionChange": null,
              "previousPosition": null,
              "result": Object {
                "divisionName": "overall",
                "name": "Ditch Dusters",
                "totalPoints": 290,
              },
              "totalPoints": 290,
            },
          },
          Object {
            "allStandings": Array [
              Object {
                "currentPosition": 2,
                "location": undefined,
                "name": "Unlimited Pedal Works",
                "positionChange": null,
                "previousPosition": null,
                "result": Object {
                  "divisionName": "overall",
                  "name": "Unlimited Pedal Works",
                  "totalPoints": 164,
                },
                "totalPoints": 164,
              },
            ],
            "currentStanding": Object {
              "currentPosition": 2,
              "location": undefined,
              "name": "Unlimited Pedal Works",
              "positionChange": null,
              "previousPosition": null,
              "result": Object {
                "divisionName": "overall",
                "name": "Unlimited Pedal Works",
                "totalPoints": 164,
              },
              "totalPoints": 164,
            },
          },
        ],
      },
    },
  ],
}
`;
